2025-10-31 09:08:08,316 - __main__ - INFO - ======================================================================
2025-10-31 09:08:08,316 - __main__ - INFO - Dataset Augmentation Pipeline
2025-10-31 09:08:08,316 - __main__ - INFO - ======================================================================
2025-10-31 09:08:08,316 - __main__ - INFO - 
Validating input files...
2025-10-31 09:08:08,316 - __main__ - INFO - ✓ Classification data: data/manual_classifications.csv
2025-10-31 09:08:08,316 - __main__ - INFO - ✓ NER data: data/manual_ner_extraction.csv
2025-10-31 09:08:08,316 - __main__ - INFO - ✓ Engineered features: data/metadata/features_engineered.csv
2025-10-31 09:08:08,317 - __main__ - INFO - ✓ Feature transformers: data/metadata/feature_transformers.pkl
2025-10-31 09:08:08,317 - __main__ - INFO - ✓ Output directory: data/augmented
2025-10-31 09:08:08,317 - __main__ - INFO - 
======================================================================
2025-10-31 09:08:08,317 - __main__ - INFO - Loading data...
2025-10-31 09:08:08,317 - __main__ - INFO - ======================================================================
2025-10-31 09:08:08,342 - __main__ - WARNING - UTF-8 decoding failed for classification, trying latin-1...
2025-10-31 09:08:08,495 - __main__ - INFO - ✓ Loaded 1634 classification samples (latin-1 encoding)
2025-10-31 09:08:08,505 - __main__ - WARNING - UTF-8 decoding failed for NER, trying latin-1...
2025-10-31 09:08:08,525 - __main__ - INFO - ✓ Loaded 553 NER samples (latin-1 encoding)
2025-10-31 09:08:09,655 - __main__ - INFO - ✓ Loaded 21392 engineered features samples (UTF-8 encoding)
2025-10-31 09:08:09,655 - __main__ - INFO -   Features: 21392 papers × 38 columns
2025-10-31 09:08:09,655 - __main__ - INFO - Loading feature transformers...
2025-10-31 09:08:10,939 - __main__ - INFO - Loaded transformers from: data/metadata/feature_transformers.pkl
2025-10-31 09:08:10,939 - __main__ - INFO - ✓ Loaded 5 transformers: ['scaler', 'mesh_vectorizer', 'mesh_svd', 'keyword_vectorizer', 'keyword_svd']
2025-10-31 09:08:10,940 - __main__ - INFO - 
======================================================================
2025-10-31 09:08:10,940 - __main__ - INFO - Initializing augmenter...
2025-10-31 09:08:10,940 - __main__ - INFO - ======================================================================
2025-10-31 09:08:10,940 - __main__ - INFO - Identified 35 feature columns to merge
2025-10-31 09:08:10,975 - __main__ - INFO - Calculated imputation values for missing data
2025-10-31 09:08:10,975 - __main__ - INFO - 
============================================================
2025-10-31 09:08:10,975 - __main__ - INFO - Augmenting classification dataset
2025-10-31 09:08:10,975 - __main__ - INFO - ============================================================
2025-10-31 09:08:10,975 - __main__ - INFO - Original dataset: 1634 rows, 11 columns
2025-10-31 09:08:10,975 - __main__ - INFO - Detected ID column: id
2025-10-31 09:08:11,037 - __main__ - INFO - Normalized IDs for merging: 1634 training IDs, 20896 feature IDs
2025-10-31 09:08:11,037 - __main__ - INFO - Merging 35 feature columns...
2025-10-31 09:08:11,059 - __main__ - INFO - ✓ Merge complete: 1634 rows preserved
2025-10-31 09:08:11,062 - __main__ - INFO - Feature coverage: 0/1634 (0.0%) samples have complete metadata
2025-10-31 09:08:11,065 - __main__ - WARNING - Imputing 10406 missing values across features...
2025-10-31 09:08:11,130 - __main__ - INFO - ✓ No NaN values in feature columns after imputation
2025-10-31 09:08:11,143 - __main__ - INFO - 
Augmentation complete for classification:
2025-10-31 09:08:11,144 - __main__ - INFO -   - Rows: 1634
2025-10-31 09:08:11,144 - __main__ - INFO -   - Columns: 12 → 46 (+34 features)
2025-10-31 09:08:11,144 - __main__ - INFO -   - Coverage: 0.0%
2025-10-31 09:08:11,144 - __main__ - INFO -   - Missing imputed: 10406
2025-10-31 09:08:11,146 - __main__ - INFO - 
============================================================
2025-10-31 09:08:11,146 - __main__ - INFO - Augmenting NER dataset
2025-10-31 09:08:11,146 - __main__ - INFO - ============================================================
2025-10-31 09:08:11,146 - __main__ - INFO - Original dataset: 553 rows, 7 columns
2025-10-31 09:08:11,146 - __main__ - INFO - Detected ID column: id
2025-10-31 09:08:11,195 - __main__ - INFO - Normalized IDs for merging: 553 training IDs, 20896 feature IDs
2025-10-31 09:08:11,195 - __main__ - INFO - Merging 35 feature columns...
2025-10-31 09:08:11,216 - __main__ - INFO - ✓ Merge complete: 553 rows preserved
2025-10-31 09:08:11,218 - __main__ - INFO - Feature coverage: 0/553 (0.0%) samples have complete metadata
2025-10-31 09:08:11,219 - __main__ - WARNING - Imputing 1910 missing values across features...
2025-10-31 09:08:11,257 - __main__ - INFO - ✓ No NaN values in feature columns after imputation
2025-10-31 09:08:11,274 - __main__ - INFO - 
Augmentation complete for NER:
2025-10-31 09:08:11,274 - __main__ - INFO -   - Rows: 553
2025-10-31 09:08:11,274 - __main__ - INFO -   - Columns: 8 → 42 (+34 features)
2025-10-31 09:08:11,274 - __main__ - INFO -   - Coverage: 0.0%
2025-10-31 09:08:11,274 - __main__ - INFO -   - Missing imputed: 1910
2025-10-31 09:08:11,278 - __main__ - INFO - 
======================================================================
2025-10-31 09:08:11,278 - __main__ - INFO - Saving augmented datasets...
2025-10-31 09:08:11,278 - __main__ - INFO - ======================================================================
2025-10-31 09:08:11,516 - __main__ - INFO - ✓ Saved classification data to: data/augmented/classif_train_with_metadata.csv (3.59 MB)
2025-10-31 09:08:11,581 - __main__ - INFO - ✓ Saved NER data to: data/augmented/ner_train_with_metadata.csv (1.20 MB)
2025-10-31 09:08:11,581 - __main__ - INFO - ✓ Saved augmentation report to: data/augmented/augmentation_report.json
2025-10-31 09:08:11,582 - __main__ - INFO - 
======================================================================
2025-10-31 09:08:11,582 - __main__ - INFO - AUGMENTATION SUMMARY
2025-10-31 09:08:11,582 - __main__ - INFO - ======================================================================
2025-10-31 09:08:11,582 - __main__ - INFO - 
Classification Dataset:
2025-10-31 09:08:11,582 - __main__ - INFO -   Original rows:     1634
2025-10-31 09:08:11,582 - __main__ - INFO -   Augmented rows:    1634
2025-10-31 09:08:11,582 - __main__ - INFO -   Features added:    34
2025-10-31 09:08:11,582 - __main__ - INFO -   Coverage:          100.0%
2025-10-31 09:08:11,583 - __main__ - INFO -   Missing values:    0
2025-10-31 09:08:11,583 - __main__ - INFO - 
NER Dataset:
2025-10-31 09:08:11,583 - __main__ - INFO -   Original rows:     553
2025-10-31 09:08:11,583 - __main__ - INFO -   Augmented rows:    553
2025-10-31 09:08:11,583 - __main__ - INFO -   Features added:    34
2025-10-31 09:08:11,583 - __main__ - INFO -   Coverage:          100.0%
2025-10-31 09:08:11,583 - __main__ - INFO -   Missing values:    0
2025-10-31 09:08:11,584 - __main__ - INFO - 
======================================================================
2025-10-31 09:08:11,585 - __main__ - INFO - ✓ AUGMENTATION COMPLETED SUCCESSFULLY
2025-10-31 09:08:11,585 - __main__ - INFO - ======================================================================
2025-10-31 09:08:11,585 - __main__ - INFO - All validation criteria passed:
2025-10-31 09:08:11,586 - __main__ - INFO -   ✓ Row counts preserved
2025-10-31 09:08:11,586 - __main__ - INFO -   ✓ No missing values in features
2025-10-31 09:08:11,586 - __main__ - INFO -   ✓ Sufficient features added
2025-10-31 09:08:11,586 - __main__ - INFO -   ✓ Feature coverage ≥80%
