/Library/Frameworks/Python.framework/Versions/3.11/lib/python3.11/site-packages/spacy/util.py:910: UserWarning: [W095] Model 'en_pipeline' (0.0.0) was trained with spaCy v3.8.8 and may not be 100% compatible with the current version (3.7.0). If you see errors or degraded performance, download a newer compatible model or retrain your custom model with the current spaCy version. For more details and available updates, run: python -m spacy validate
  warnings.warn(warn_msg)
================================================================================
PHASE 5.3: BENCHMARK HYBRID PIPELINE SPEED
================================================================================

Loading test data from: spacy_hybrid_ner/data/ner_corpus_splits/test.csv
  ✓ Loaded 100 texts for benchmarking
Loading models...
  1. EntityRuler only...
     ✓ 6,216 patterns
  2. Statistical NER only...
     ✓ Loaded
  3. Hybrid pipeline...
     ✓ Components: ['entity_ruler', 'ner']

Benchmarking EntityRuler Only...
  ✓ 64.13 papers/sec (15.59 ms/paper)
    Total entities: 376 (3.76 per paper)

Benchmarking Statistical NER Only...
  ✓ 13.75 papers/sec (72.72 ms/paper)
    Total entities: 399 (3.99 per paper)

Benchmarking Hybrid Pipeline...
  ✓ 43.21 papers/sec (23.14 ms/paper)
    Total entities: 376 (3.76 per paper)

================================================================================
SPEED BENCHMARK COMPARISON (PHASE 5.3)
================================================================================

Benchmark Size: 100 papers

--------------------------------------------------------------------------------
Model                          Time (s)     Papers/sec      ms/paper       
--------------------------------------------------------------------------------
EntityRuler Only               1.56         64.13           15.59          
Statistical NER Only           7.27         13.75           72.72          
Hybrid Pipeline                2.31         43.21           23.14          
--------------------------------------------------------------------------------

Speedup Analysis:
  EntityRuler vs Hybrid: 1.48x faster
  Hybrid vs Statistical: 3.14x faster

ℹ️  Interpretation:
  - EntityRuler is very fast (rule-based matching)
  - Statistical NER is slower (neural network inference)
  - Hybrid speed ≈ Statistical speed (NER is bottleneck)

--------------------------------------------------------------------------------
TARGET ASSESSMENT:
--------------------------------------------------------------------------------
~ EntityRuler: 64.1 papers/sec (Expected: 150-200)
~ Statistical NER: 13.8 papers/sec (Expected: 30-50)
✓ Hybrid: 43.2 papers/sec (Expected: 40-60)

✓ Results saved to: spacy_hybrid_ner/results/phase5_speed_benchmark/speed_benchmark.csv

================================================================================
✓ PHASE 5.3 COMPLETE
================================================================================

Results saved to: spacy_hybrid_ner/results/phase5_speed_benchmark/

Next: Phase 5.4 - Analyze alias resolution
